Microchip MPLAB XC8 Compiler V2.36

Linker command line:

-W-3 --edf=C:\Program Files\Microchip\xc8\v2.36\pic\dat\en_msgs.txt -cn \
  -h+dist/default/production\PELCO_D_GEN.X.production.sym \
  --cmf=dist/default/production\PELCO_D_GEN.X.production.cmf -z -Q16F648A \
  -oC:\Users\Robson\AppData\Local\Temp\xcAsc2k.4 --defsym=__MPLAB_BUILD=1 \
  -Mdist/default/production/PELCO_D_GEN.X.production.map \
  --md=C:\Users\Robson\AppData\Local\Temp\xcAsc2k.dat -E1 -ver=XC8 Compiler \
  --acfsm=1493 -ACODE=00h-07FFhx2 -ASTRCODE=00h-0FFFh -ASTRING=00h-0FFhx16 \
  -ACONST=00h-0FFhx16 -AENTRY=00h-0FFhx16 -ACOMMON=070h-07Fh \
  -ABANK0=020h-06Fh -ABANK1=0A0h-0EFh -ABANK2=0120h-016Fh \
  -ARAM=020h-06Fh,0A0h-0EFh,0120h-016Fh \
  -AABS1=020h-07Fh,0A0h-0EFh,0120h-016Fh -ASFR0=00h-01Fh -ASFR1=080h-09Fh \
  -ASFR2=0100h-011Fh -ASFR3=0180h-01EFh -ACONFIG=02007h-02007h -DCONFIG=2 \
  -AIDLOC=02000h-02003h -DIDLOC=2 -AEEDATA=00h-0FFh/02100h \
  -peeprom_data=EEDATA -DEEDATA=2 -DCODE=2 -DSTRCODE=2 -DSTRING=2 -DCONST=2 \
  -DENTRY=2 -preset_vec=00h,intentry,init,end_init -ppowerup=CODE \
  -pcinit=CODE -pfunctab=ENTRY -k \
  C:\Users\Robson\AppData\Local\Temp\xcAsc2k.o \
  dist/default/production\PELCO_D_GEN.X.production.o 

Object code version is 3.11

Machine type is 16F648A



                Name                               Link     Load   Length Selector   Space Scale
C:\Users\Robson\AppData\Local\Temp\xcAsc2k.o
                end_init                              0        0        2        0       0
                config                             2007     2007        1        0       4
dist/default/production\PELCO_D_GEN.X.production.o
                cinit                               7F1      7F1        F      FE2       0
                config                             2007     2007        1        0       4
                text4                               5FE      5FE       14      BFC       0
                text3                               673      673       39      CE6       0
                text2                               6AC      6AC       69      D58       0
                text1                               63C      63C       37      C78       0
                maintext                            715      715       DC      E2A       0
                cstackBANK0                          4A       4A        F       20       1
                cstackCOMMON                         70       70        E       70       1
                inittext                            5ED      5ED       11      BDA       0
                dataBANK0                            20       20       2A       20       1
                idataBANK0                          612      612       2A      C24       0

TOTAL           Name                               Link     Load   Length     Space
        CLASS   CODE           
                end_init                              0        0        2         0
                cinit                               7F1      7F1        F         0
                text4                               5FE      5FE       14         0
                text3                               673      673       39         0
                text2                               6AC      6AC       69         0
                text1                               63C      63C       37         0
                maintext                            715      715       DC         0
                inittext                            5ED      5ED       11         0
                idataBANK0                          612      612       2A         0

        CLASS   STRCODE        

        CLASS   STRING         

        CLASS   CONST          

        CLASS   ENTRY          

        CLASS   COMMON         
                cstackCOMMON                         70       70        E         1

        CLASS   BANK0          
                cstackBANK0                          4A       4A        F         1
                dataBANK0                            20       20       2A         1

        CLASS   BANK1          

        CLASS   BANK2          

        CLASS   RAM            

        CLASS   ABS1           
                abs_s1                               7E       7E        2         1

        CLASS   SFR0           

        CLASS   SFR1           

        CLASS   SFR2           

        CLASS   SFR3           

        CLASS   CONFIG         
                config                             2007     2007        1         4

        CLASS   IDLOC          

        CLASS   EEDATA         

        CLASS   BANK3          

        CLASS   STACK          



SEGMENTS        Name                           Load    Length   Top    Selector   Space  Class     Delta

                reset_vec                      000000  000002  000002         0       0  CODE        2
                dataBANK0                      000020  000039  000059        20       1  BANK0       1
                cstackCOMMON                   000070  00000E  00007E        70       1  COMMON      1
                inittext                       0005ED  000011  0005FE       BDA       0  CODE        2
                text4                          0005FE  000014  000612       BFC       0  CODE        2
                idataBANK0                     000612  00002A  00063C       C24       0  CODE        2
                text1                          00063C  000037  000673       C78       0  CODE        2
                text3                          000673  000039  0006AC       CE6       0  CODE        2
                text2                          0006AC  000069  000715       D58       0  CODE        2
                maintext                       000715  0000DC  0007F1       E2A       0  CODE        2
                cinit                          0007F1  00000F  000800       FE2       0  CODE        2


UNUSED ADDRESS RANGES

        Name                Unused          Largest block    Delta
        BANK0            0059-006F             17           1
        BANK1            00A0-00EF             50           1
        BANK2            0120-016F             50           1
        CODE             0002-05EC            5EB           2
                         0800-0FFF            800
        CONST            0002-05EC            100           2
                         0800-0FFF            100
        EEDATA           2100-21FF            100           2
        ENTRY            0002-05EC            100           2
                         0800-0FFF            100
        IDLOC            2000-2003              4           2
        RAM              0059-006F             17           1
                         00A0-00EF             50
                         0120-016F             50
        SFR0             0000-001F             20           1
        SFR1             0080-009F             20           1
        SFR2             0100-011F             20           1
        SFR3             0180-01EF             70           1
        STRCODE          0002-05EC            5EB           2
                         0800-0FFF            800
        STRING           0002-05EC            100           2
                         0800-0FFF            100

                                  Symbol Table

UART_Init@baudrate       cstackCOMMON 0070
UART_Write@data          cstackCOMMON 0074
UART_Write@timeout       cstackCOMMON 0075
_BRGH                    (abs)        04C2
_CMCON                   (abs)        001F
_CREN                    (abs)        00C4
_INTCON                  (abs)        000B
_OPTION_REG              (abs)        0081
_PIE1bits                (abs)        008C
_PIR1bits                (abs)        000C
_PORTA                   (abs)        0005
_PORTAbits               (abs)        0005
_PORTB                   (abs)        0006
_PORTBbits               (abs)        0006
_SPBRG                   (abs)        0099
_SPEN                    (abs)        00C7
_SYNC                    (abs)        04C4
_TRISA                   (abs)        0085
_TRISB                   (abs)        0086
_TRMT                    (abs)        04C1
_TXEN                    (abs)        04C5
_TXREG                   (abs)        0019
_UART_Init               text4        05FE
_UART_Write              text3        0673
__Habs1                  abs1         0000
__Hbank0                 bank0        0000
__Hbank1                 bank1        0000
__Hbank2                 bank2        0000
__Hbank3                 bank3        0000
__Hcinit                 cinit        0800
__Hclrtext               clrtext      0000
__Hcode                  code         0000
__Hcommon                common       0000
__Hconfig                config       2008
__HcstackBANK0           cstackBANK0  0000
__HcstackCOMMON          cstackCOMMON 0000
__HdataBANK0             dataBANK0    0000
__Heeprom_data           eeprom_data  0000
__Hend_init              end_init     0002
__Hfunctab               functab      0000
__HidataBANK0            idataBANK0   0000
__Hinit                  init         0000
__Hinittext              inittext     0000
__Hintentry              intentry     0000
__Hmaintext              maintext     0000
__Hpowerup               powerup      0000
__Hram                   ram          0000
__Hreset_vec             reset_vec    0000
__Hsfr0                  sfr0         0000
__Hsfr1                  sfr1         0000
__Hsfr2                  sfr2         0000
__Hsfr3                  sfr3         0000
__Hspace_0               (abs)        0800
__Hspace_1               (abs)        007E
__Hspace_2               (abs)        0000
__Hspace_3               (abs)        0000
__Hspace_4               (abs)        400F
__Hstack                 stack        0000
__Hstrings               strings      0000
__Htext                  text         0000
__Labs1                  abs1         0000
__Lbank0                 bank0        0000
__Lbank1                 bank1        0000
__Lbank2                 bank2        0000
__Lbank3                 bank3        0000
__Lcinit                 cinit        07F1
__Lclrtext               clrtext      0000
__Lcode                  code         0000
__Lcommon                common       0000
__Lconfig                config       0000
__LcstackBANK0           cstackBANK0  0000
__LcstackCOMMON          cstackCOMMON 0000
__LdataBANK0             dataBANK0    0000
__Leeprom_data           eeprom_data  0000
__Lend_init              end_init     0000
__Lfunctab               functab      0000
__LidataBANK0            idataBANK0   0000
__Linit                  init         0000
__Linittext              inittext     0000
__Lintentry              intentry     0000
__Lmaintext              maintext     0000
__Lpowerup               powerup      0000
__Lram                   ram          0000
__Lreset_vec             reset_vec    0000
__Lsfr0                  sfr0         0000
__Lsfr1                  sfr1         0000
__Lsfr2                  sfr2         0000
__Lsfr3                  sfr3         0000
__Lspace_0               (abs)        0000
__Lspace_1               (abs)        0000
__Lspace_2               (abs)        0000
__Lspace_3               (abs)        0000
__Lspace_4               (abs)        0000
__Lstack                 stack        0000
__Lstrings               strings      0000
__Ltext                  text         0000
__S0                     (abs)        0800
__S1                     (abs)        007E
__S3                     (abs)        0000
___int_sp                stack        0000
___latbits               (abs)        0001
___sp                    stack        0000
___stackhi               (abs)        0000
___stacklo               (abs)        0000
__end_of_UART_Init       text4        0612
__end_of_UART_Write      text3        06AC
__end_of__initialization cinit        07FD
__end_of_main            maintext     07F1
__end_of_send_data       text2        0715
__end_of_send_pelco_d    text1        0673
__initialization         cinit        07F1
__pcstackBANK0           cstackBANK0  004A
__pcstackCOMMON          cstackCOMMON 0070
__pdataBANK0             dataBANK0    0020
__pidataBANK0            idataBANK0   0612
__pmaintext              maintext     0715
__ptext1                 text1        063C
__ptext2                 text2        06AC
__ptext3                 text3        0673
__ptext4                 text4        05FE
_down_array              dataBANK0    0035
_left_array              dataBANK0    002E
_main                    maintext     0715
_right_array             dataBANK0    0027
_send_data               text2        06AC
_send_pelco_d            text1        063C
_stop_array              dataBANK0    0043
_up_array                dataBANK0    003C
btemp                    (abs)        007E
end_of_initialization    cinit        07FD
init_fetch0              inittext     05ED
init_ram0                inittext     05F1
intlevel0                functab      0000
intlevel1                functab      0000
intlevel2                functab      0000
intlevel3                functab      0000
intlevel4                functab      0000
intlevel5                functab      0000
reset_vec                reset_vec    0000
send_data@F518           dataBANK0    0020
send_data@_dat           cstackBANK0  004A
send_data@checksum_calc  cstackBANK0  0051
send_data@i              cstackBANK0  0054
send_data@i_131          cstackBANK0  0053
send_data@in_dat         cstackBANK0  0052
send_pelco_d@cmd         cstackCOMMON 007D
start                    init         0000
start_initialization     cinit        07F1
wtemp0                   (abs)        007E


MODULE INFORMATION

Module		Function		Class		Link	Load	Size
../SUPORTE_PELCO_D.X/usart.c
		_UART_Init     		CODE           	05FE	0000	20
		_UART_Write    		CODE           	0673	0000	57

../SUPORTE_PELCO_D.X/usart.c estimated size: 77

shared
		__initialization		CODE           	07F1	0000	12

shared estimated size: 12

main.c
		_send_pelco_d  		CODE           	063C	0000	55
		_send_data     		CODE           	06AC	0000	105
		_main          		CODE           	0715	0000	220

main.c estimated size: 380

