Microchip MPLAB XC8 Compiler V2.36

Linker command line:

-W-3 --edf=/opt/microchip/xc8/v2.36/pic/dat/en_msgs.txt -cn \
  -h+dist/default/production/SUPORTE_PELCO_D.X.production.sym \
  --cmf=dist/default/production/SUPORTE_PELCO_D.X.production.cmf -z \
  -Q16F648A -o/tmp/xcXdegchH --defsym=__MPLAB_BUILD=1 \
  -Mdist/default/production/SUPORTE_PELCO_D.X.production.map \
  --md=/tmp/xcXLhdfaJ.dat -E1 -ver=XC8 Compiler --acfsm=1493 \
  -ACODE=00h-07FFhx2 -ASTRCODE=00h-0FFFh -ASTRING=00h-0FFhx16 \
  -ACONST=00h-0FFhx16 -AENTRY=00h-0FFhx16 -ACOMMON=070h-07Fh \
  -ABANK0=020h-06Fh -ABANK1=0A0h-0EFh -ABANK2=0120h-016Fh \
  -ARAM=020h-06Fh,0A0h-0EFh,0120h-016Fh \
  -AABS1=020h-07Fh,0A0h-0EFh,0120h-016Fh -ASFR0=00h-01Fh -ASFR1=080h-09Fh \
  -ASFR2=0100h-011Fh -ASFR3=0180h-01EFh -ACONFIG=02007h-02007h -DCONFIG=2 \
  -AIDLOC=02000h-02003h -DIDLOC=2 -AEEDATA=00h-0FFh/02100h \
  -peeprom_data=EEDATA -DEEDATA=2 -DCODE=2 -DSTRCODE=2 -DSTRING=2 -DCONST=2 \
  -DENTRY=2 -preset_vec=00h,intentry=04h,init,end_init -ppowerup=CODE \
  -pcinit=CODE -pfunctab=ENTRY -k /tmp/xcXodnoJn.o \
  dist/default/production/SUPORTE_PELCO_D.X.production.o 

Object code version is 3.11

Machine type is 16F648A



                Name                               Link     Load   Length Selector   Space Scale
/tmp/xcXodnoJn.o
                end_init                              F        F        2        8       0
                reset_vec                             0        0        2        0       0
                config                             2007     2007        1        0       4
dist/default/production/SUPORTE_PELCO_D.X.production.o
                cinit                                11       11       14        8       0
                intentry                              4        4        B        8       0
                config                             2007     2007        1        0       4
                text22                              595      595      1CA        8       0
                text21                              D4E      D4E       16     1A9C       0
                text20                              D95      D95       21     1B2A       0
                text19                              D2B      D2B       11     1A56       0
                text18                              7F2      7F2        9        8       0
                text17                              D7C      D7C       19     1AF8       0
                text16                              75F      75F       93        8       0
                text15                              F50      F50       57     1EA0       0
                text14                              E98      E98       38     1D30       0
                text13                              FA7      FA7       59     1F4E       0
                text12                              DF8      DF8       34     1BF0       0
                text11                              D1C      D1C        F     1A38       0
                text10                              7FB      7FB        4        8       0
                text9                               F0C      F0C       44     1E18       0
                text8                               D64      D64       18     1AC8       0
                text7                               D3C      D3C       12     1A78       0
                text6                               DB6      DB6       21     1B6C       0
                text5                               E2C      E2C       35     1C58       0
                text4                               E61      E61       37     1CC2       0
                text3                               ED0      ED0       3C     1DA0       0
                text2                               DD7      DD7       21     1BAE       0
                text1                               3CA      3CA      1CB        8       0
                maintext                             25       25      3A5        8       0
                cstackBANK0                          43       43       20       20       1
                cstackCOMMON                         75       75        5       70       1
                cstackBANK1                          D3       D3       11       A0       1
                clrtext                             D14      D14        8     1A28       0
                bssBANK1                             A0       A0       33       A0       1
                bssBANK0                             20       20       23       20       1
                bssCOMMON                            70       70        5       70       1
                stringtext                          800      800      124       10       0

TOTAL           Name                               Link     Load   Length     Space
        CLASS   CODE           
                end_init                              F        F        2         0
                cinit                                11       11       14         0
                intentry                              4        4        B         0
                reset_vec                             0        0        2         0
                text22                              595      595      1CA         0
                text21                              D4E      D4E       16         0
                text20                              D95      D95       21         0
                text19                              D2B      D2B       11         0
                text18                              7F2      7F2        9         0
                text17                              D7C      D7C       19         0
                text16                              75F      75F       93         0
                text15                              F50      F50       57         0
                text14                              E98      E98       38         0
                text13                              FA7      FA7       59         0
                text12                              DF8      DF8       34         0
                text11                              D1C      D1C        F         0
                text10                              7FB      7FB        4         0
                text9                               F0C      F0C       44         0
                text8                               D64      D64       18         0
                text7                               D3C      D3C       12         0
                text6                               DB6      DB6       21         0
                text5                               E2C      E2C       35         0
                text4                               E61      E61       37         0
                text3                               ED0      ED0       3C         0
                text2                               DD7      DD7       21         0
                text1                               3CA      3CA      1CB         0
                maintext                             25       25      3A5         0
                clrtext                             D14      D14        8         0

        CLASS   STRCODE        
                stringtext                          800      800      124         0

        CLASS   STRING         

        CLASS   CONST          

        CLASS   ENTRY          

        CLASS   COMMON         
                cstackCOMMON                         75       75        5         1
                bssCOMMON                            70       70        5         1

        CLASS   BANK0          
                cstackBANK0                          43       43       20         1
                bssBANK0                             20       20       23         1

        CLASS   BANK1          
                cstackBANK1                          D3       D3       11         1
                bssBANK1                             A0       A0       33         1

        CLASS   BANK2          

        CLASS   RAM            

        CLASS   ABS1           
                abs_s1                               7E       7E        2         1

        CLASS   SFR0           

        CLASS   SFR1           

        CLASS   SFR2           

        CLASS   SFR3           

        CLASS   CONFIG         
                config                             2007     2007        1         4

        CLASS   IDLOC          

        CLASS   EEDATA         

        CLASS   BANK3          

        CLASS   STACK          



SEGMENTS        Name                           Load    Length   Top    Selector   Space  Class     Delta

                text5                          000E2C  000035  000E61      1C58       0  CODE        2
                text4                          000E61  000037  000E98      1CC2       0  CODE        2
                text2                          000DD7  000021  000DF8      1BAE       0  CODE        2
                text12                         000DF8  000034  000E2C      1BF0       0  CODE        2
                text14                         000E98  000038  000ED0      1D30       0  CODE        2
                text15                         000F50  000057  000FA7      1EA0       0  CODE        2
                text13                         000FA7  000059  001000      1F4E       0  CODE        2
                text3                          000ED0  00003C  000F0C      1DA0       0  CODE        2
                text9                          000F0C  000044  000F50      1E18       0  CODE        2
                text19                         000D2B  000011  000D3C      1A56       0  CODE        2
                text7                          000D3C  000012  000D4E      1A78       0  CODE        2
                clrtext                        000D14  000008  000D1C      1A28       0  CODE        2
                text11                         000D1C  00000F  000D2B      1A38       0  CODE        2
                text21                         000D4E  000016  000D64      1A9C       0  CODE        2
                text20                         000D95  000021  000DB6      1B2A       0  CODE        2
                text6                          000DB6  000021  000DD7      1B6C       0  CODE        2
                text8                          000D64  000018  000D7C      1AC8       0  CODE        2
                text17                         000D7C  000019  000D95      1AF8       0  CODE        2
                stringtext                     000800  000124  000924        10       0  STRCODE     2
                bssCOMMON                      000070  00000A  00007A        70       1  COMMON      1
                reset_vec                      000000  000002  000002         0       0  CODE        2
                intentry                       000004  0007FB  0007FF         8       0  CODE        2
                bssBANK1                       0000A0  000044  0000E4        A0       1  BANK1       1
                bssBANK0                       000020  000043  000063        20       1  BANK0       1


UNUSED ADDRESS RANGES

        Name                Unused          Largest block    Delta
        BANK0            0063-006F              D           1
        BANK1            00E4-00EF              C           1
        BANK2            0120-016F             50           1
        CODE             0002-0003              2           2
                         07FF-07FF              1
                         0924-0D13            3F0
        COMMON           007A-007D              4           1
        CONST            0002-0003              2           2
                         07FF-07FF              1
                         0924-0D13            100
        EEDATA           2100-21FF            100           2
        ENTRY            0002-0003              2           2
                         07FF-07FF              1
                         0924-0D13            100
        IDLOC            2000-2003              4           2
        RAM              0063-006F              D           1
                         00E4-00EF              C
                         0120-016F             50
        SFR0             0000-001F             20           1
        SFR1             0080-009F             20           1
        SFR2             0100-011F             20           1
        SFR3             0180-01EF             70           1
        STRCODE          0002-0003              2           2
                         07FF-07FF              1
                         0924-0D13            3F0
        STRING           0002-0003              2           2
                         07FF-07FF              1
                         0924-0D13            100

                                  Symbol Table

?___awdiv                cstackBANK0  0043
?___lwdiv                cstackBANK0  0043
?___wmul                 cstackBANK0  0043
BAUDS_set@index          cstackBANK0  004A
PRESET_load@_addr        cstackBANK0  004A
PRESET_load@id           cstackBANK0  0049
PRESET_load@pan          cstackBANK0  0045
PRESET_load@tilt         cstackBANK0  0046
PRESET_save@_addr        cstackBANK0  0050
PRESET_save@id           cstackBANK0  004F
PRESET_save@pan          cstackBANK0  0049
PRESET_save@tilt         cstackBANK0  004B
SPEED_calc@sp_calc       cstackBANK0  004F
SPEED_calc@speed         cstackBANK0  004E
UART_Init@bauds_index    cstackBANK0  0047
UART_Write@data          cstackBANK0  0047
UART_Write@timeout       cstackBANK0  0048
UART_Write_Text@i        cstackBANK0  0051
UART_Write_Text@text     cstackBANK0  004C
_BAUDS_get               text10       07FB
_BAUDS_set               text18       07F2
_BRGH                    (abs)        04C2
_CMCON                   (abs)        001F
_CREN                    (abs)        00C4
_EEADR                   (abs)        009B
_EECON1                  (abs)        009C
_EECON1bits              (abs)        009C
_EECON2                  (abs)        009D
_EEDATA                  (abs)        009A
_INTCONbits              (abs)        000B
_MOTOR_Init              text16       075F
_OPTION_REGbits          (abs)        0081
_PCONbits                (abs)        008E
_PIE1bits                (abs)        008C
_PIR1bits                (abs)        000C
_PORTA                   (abs)        0005
_PORTAbits               (abs)        0005
_PORTB                   (abs)        0006
_PORTBbits               (abs)        0006
_PRESET_load             text15       0F50
_PRESET_save             text14       0E98
_P_addr                  bssBANK0     002F
_P_chksum                bssBANK1     00D0
_P_cmd1                  bssBANK0     002E
_P_cmd2                  bssBANK0     002D
_P_dat1                  bssBANK0     002C
_P_dat2                  bssBANK0     002B
_RCREG                   (abs)        001A
_SPBRG                   (abs)        0099
_SPEED_calc              text12       0DF8
_SPEN                    (abs)        00C7
_STATUSbits              (abs)        0003
_SYNC                    (abs)        04C4
_T1CONbits               (abs)        0010
_TIMER1_Init             text11       0D1C
_TMR1H                   (abs)        000F
_TMR1L                   (abs)        000E
_TRISA                   (abs)        0085
_TRISB                   (abs)        0086
_TRMT                    (abs)        04C1
_TXEN                    (abs)        04C5
_TXREG                   (abs)        0019
_UART_Init               text9        0F0C
_UART_Write              text5        0E2C
_UART_Write_Text         text4        0E61
_UC_Init                 text8        0D64
__Habs1                  abs1         0000
__Hbank0                 bank0        0000
__Hbank1                 bank1        0000
__Hbank2                 bank2        0000
__Hbank3                 bank3        0000
__HbssBANK0              bssBANK0     0000
__HbssBANK1              bssBANK1     0000
__HbssCOMMON             bssCOMMON    0000
__Hcinit                 cinit        0025
__Hclrtext               clrtext      0000
__Hcode                  code         0000
__Hcommon                common       0000
__Hconfig                config       2008
__HcstackBANK0           cstackBANK0  0000
__HcstackBANK1           cstackBANK1  0000
__HcstackCOMMON          cstackCOMMON 0000
__Heeprom_data           eeprom_data  0000
__Hend_init              end_init     0011
__Hfunctab               functab      0000
__Hinit                  init         000F
__Hintentry              intentry     000F
__Hmaintext              maintext     0000
__Hpowerup               powerup      0000
__Hram                   ram          0000
__Hreset_vec             reset_vec    0002
__Hsfr0                  sfr0         0000
__Hsfr1                  sfr1         0000
__Hsfr2                  sfr2         0000
__Hsfr3                  sfr3         0000
__Hspace_0               (abs)        1000
__Hspace_1               (abs)        00E4
__Hspace_2               (abs)        0000
__Hspace_3               (abs)        0000
__Hspace_4               (abs)        400F
__Hstack                 stack        0000
__Hstrings               strings      0000
__Hstringtext            stringtext   0000
__Htext                  text         0000
__Labs1                  abs1         0000
__Lbank0                 bank0        0000
__Lbank1                 bank1        0000
__Lbank2                 bank2        0000
__Lbank3                 bank3        0000
__LbssBANK0              bssBANK0     0000
__LbssBANK1              bssBANK1     0000
__LbssCOMMON             bssCOMMON    0000
__Lcinit                 cinit        0011
__Lclrtext               clrtext      0000
__Lcode                  code         0000
__Lcommon                common       0000
__Lconfig                config       0000
__LcstackBANK0           cstackBANK0  0000
__LcstackBANK1           cstackBANK1  0000
__LcstackCOMMON          cstackCOMMON 0000
__Leeprom_data           eeprom_data  0000
__Lend_init              end_init     000F
__Lfunctab               functab      0000
__Linit                  init         000F
__Lintentry              intentry     0004
__Lmaintext              maintext     0000
__Lpowerup               powerup      0000
__Lram                   ram          0000
__Lreset_vec             reset_vec    0000
__Lsfr0                  sfr0         0000
__Lsfr1                  sfr1         0000
__Lsfr2                  sfr2         0000
__Lsfr3                  sfr3         0000
__Lspace_0               (abs)        0000
__Lspace_1               (abs)        0000
__Lspace_2               (abs)        0000
__Lspace_3               (abs)        0000
__Lspace_4               (abs)        0000
__Lstack                 stack        0000
__Lstrings               strings      0000
__Lstringtext            stringtext   0000
__Ltext                  text         0000
__S0                     (abs)        1000
__S1                     (abs)        00E4
__S3                     (abs)        0000
___awdiv                 text13       0FA7
___awdiv@counter         cstackBANK0  0048
___awdiv@dividend        cstackBANK0  0045
___awdiv@divisor         cstackBANK0  0043
___awdiv@quotient        cstackBANK0  004A
___awdiv@sign            cstackBANK0  0049
___bmul                  text7        0D3C
___bmul@multiplicand     cstackBANK0  0043
___bmul@multiplier       cstackBANK0  0046
___bmul@product          cstackBANK0  0045
___int_sp                stack        0000
___latbits               (abs)        0001
___lbdiv                 text6        0DB6
___lbdiv@counter         cstackBANK0  0046
___lbdiv@dividend        cstackBANK0  0045
___lbdiv@divisor         cstackBANK0  0043
___lbdiv@quotient        cstackBANK0  0047
___lwdiv                 text3        0ED0
___lwdiv@counter         cstackBANK0  0048
___lwdiv@dividend        cstackBANK0  0045
___lwdiv@divisor         cstackBANK0  0043
___lwdiv@quotient        cstackBANK0  0049
___sp                    stack        0000
___stackhi               (abs)        0000
___stacklo               (abs)        0000
___wmul                  text2        0DD7
___wmul@multiplicand     cstackBANK0  0045
___wmul@multiplier       cstackBANK0  0043
___wmul@product          cstackBANK0  0047
__end_of_BAUDS_get       text10       07FF
__end_of_BAUDS_set       text18       07FB
__end_of_MOTOR_Init      text16       07F2
__end_of_PRESET_load     text15       0FA7
__end_of_PRESET_save     text14       0ED0
__end_of_SPEED_calc      text12       0E2C
__end_of_TIMER1_Init     text11       0D2B
__end_of_UART_Init       text9        0F50
__end_of_UART_Write      text5        0E61
__end_of_UART_Write_Text text4        0E98
__end_of_UC_Init         text8        0D7C
__end_of___awdiv         text13       1000
__end_of___bmul          text7        0D4E
__end_of___lbdiv         text6        0DD7
__end_of___lwdiv         text3        0F0C
__end_of___wmul          text2        0DF8
__end_of__initialization cinit        0022
__end_of__stringtab      stringtext   0812
__end_of_delay_wdt       text17       0D95
__end_of_eeprom_read     text21       0D64
__end_of_eeprom_update   text19       0D3C
__end_of_eeprom_write    text20       0DB6
__end_of_main            maintext     03CA
__end_of_myISR           text22       075F
__end_of_print_cnt       text1        0595
__end_of_speed_ref       stringtext   081A
__end_of_steps_1A        stringtext   083A
__end_of_steps_1B        stringtext   0832
__end_of_steps_2A        stringtext   082A
__end_of_steps_2B        stringtext   0822
__initialization         cinit        0011
__pbssBANK0              bssBANK0     0020
__pbssBANK1              bssBANK1     00A0
__pbssCOMMON             bssCOMMON    0070
__pcstackBANK0           cstackBANK0  0043
__pcstackBANK1           cstackBANK1  00D3
__pcstackCOMMON          cstackCOMMON 0075
__pintentry              intentry     0004
__pmaintext              maintext     0025
__pstringtext            stringtext   0800
__ptext1                 text1        03CA
__ptext10                text10       07FB
__ptext11                text11       0D1C
__ptext12                text12       0DF8
__ptext13                text13       0FA7
__ptext14                text14       0E98
__ptext15                text15       0F50
__ptext16                text16       075F
__ptext17                text17       0D7C
__ptext18                text18       07F2
__ptext19                text19       0D2B
__ptext2                 text2        0DD7
__ptext20                text20       0D95
__ptext21                text21       0D4E
__ptext22                text22       0595
__ptext3                 text3        0ED0
__ptext4                 text4        0E61
__ptext5                 text5        0E2C
__ptext6                 text6        0DB6
__ptext7                 text7        0D3C
__ptext8                 text8        0D64
__ptext9                 text9        0F0C
__stringbase             stringtext   0812
__stringtab              stringtext   0800
_buffer_data0            bssBANK1     00C3
_buffer_data1            bssBANK1     00BC
_buffer_data2            bssBANK1     00B5
_buffer_data3            bssBANK1     00AE
_buffer_data4            bssBANK1     00A7
_buffer_index1           bssCOMMON    0073
_buffer_index2           bssCOMMON    0072
_buffer_ready            bssBANK1     00CA
_data_receiv             bssCOMMON    0074
_delay_wdt               text17       0D7C
_eeprom_read             text21       0D4E
_eeprom_update           text19       0D2B
_eeprom_write            text20       0D95
_frame_data              bssBANK1     00A0
_frame_index             bssBANK0     0031
_header_cnt              bssBANK0     0042
_is_init                 bssBANK0     0028
_is_reboot               bssBANK0     0029
_main                    maintext     0025
_myISR                   text22       0595
_pan_counter             bssBANK0     0026
_pan_direction           bssBANK0     003B
_pan_enabled             bssBANK0     003C
_pan_goto                bssBANK0     0022
_pan_speed               bssBANK0     003A
_pan_speed_old           bssBANK0     0039
_pan_step_phase          bssCOMMON    0071
_preset_id               bssBANK0     002A
_preset_pan_enabled      bssBANK0     0040
_preset_pan_enabled_old  bssBANK0     003F
_preset_tilt_enabled     bssBANK0     003E
_preset_tilt_enabled_old bssBANK0     003D
_print_cnt               text1        03CA
_response_type           bssBANK0     0030
_steps_1A                stringtext   0832
_steps_1B                stringtext   082A
_steps_2A                stringtext   0822
_steps_2B                stringtext   081A
_tilt_counter            bssBANK0     0024
_tilt_direction          bssBANK0     0037
_tilt_enabled            bssBANK0     0038
_tilt_goto               bssBANK0     0020
_tilt_speed              bssBANK0     0036
_tilt_speed_old          bssBANK1     00D2
_tilt_step_phase         bssCOMMON    0070
_timeout_receiv          bssBANK0     0041
_timer1_pan              bssBANK0     0035
_timer1_pan_ref          bssBANK0     0033
_timer1_tilt             bssBANK0     0034
_timer1_tilt_ref         bssBANK0     0032
btemp                    (abs)        007E
clear_ram0               clrtext      0D14
delay_wdt@_ms            cstackBANK0  0043
eeprom_read@addr         cstackBANK0  0044
eeprom_update@addr       cstackBANK0  0048
eeprom_update@value      cstackBANK0  0046
eeprom_write@addr        cstackBANK0  0045
eeprom_write@value       cstackBANK0  0043
end_of_initialization    cinit        0022
interrupt_function       intentry     0004
intlevel0                functab      0000
intlevel1                functab      0000
intlevel2                functab      0000
intlevel3                functab      0000
intlevel4                functab      0000
intlevel5                functab      0000
main@chksum_calc         cstackBANK1  00D3
main@i                   cstackBANK1  00E3
main@m                   cstackBANK1  00E2
main@pan_tmp             cstackBANK1  00DA
main@pan_tmp_421         cstackBANK1  00DE
main@preset_id_1         cstackBANK1  00D4
main@preset_id_10        cstackBANK1  00D7
main@preset_id_10_416    cstackBANK1  00D8
main@preset_id_10_423    cstackBANK1  00D9
main@preset_id_1_417     cstackBANK1  00D5
main@preset_id_1_424     cstackBANK1  00D6
main@tilt_tmp            cstackBANK1  00DC
main@tilt_tmp_422        cstackBANK1  00E0
print_cnt@_pan           cstackBANK0  0053
print_cnt@_tilt          cstackBANK0  0055
print_cnt@val1           cstackBANK0  0057
print_cnt@val10          cstackBANK0  0059
print_cnt@val100         cstackBANK0  005B
print_cnt@val1000        cstackBANK0  005D
print_cnt@val10000       cstackBANK0  005F
reset_vec                reset_vec    0000
saved_w                  (abs)        007E
start                    init         000F
start_initialization     cinit        0011
wtemp0                   (abs)        007E


MODULE INFORMATION

Module		Function		Class		Link	Load	Size
/opt/microchip/xc8/v2.36/pic/sources/c90/common/lbdiv.c
		___lbdiv       		CODE           	0DB6	0000	33

/opt/microchip/xc8/v2.36/pic/sources/c90/common/lbdiv.c estimated size: 33

usart.c
		_UART_Init     		CODE           	0F0C	0000	68
		_UART_Write_Text		CODE           	0E61	0000	55
		_UART_Write    		CODE           	0E2C	0000	53

usart.c estimated size: 176

/opt/microchip/xc8/v2.36/pic/sources/c90/pic/__eeread.c
		_eeprom_read   		CODE           	0D4E	0000	22

/opt/microchip/xc8/v2.36/pic/sources/c90/pic/__eeread.c estimated size: 22

shared
		_speed_ref     		STRCODE        	0000	0000	0
		__stringtab    		STRCODE        	0800	0000	18
		__initialization		CODE           	0011	0000	17
		_steps_2A      		STRCODE        	0822	0000	8
		_steps_2B      		STRCODE        	081A	0000	8
		_steps_1A      		STRCODE        	0832	0000	8
		_steps_1B      		STRCODE        	082A	0000	8

shared estimated size: 67

/opt/microchip/xc8/v2.36/pic/sources/c90/common/lwdiv.c
		___lwdiv       		CODE           	0ED0	0000	60

/opt/microchip/xc8/v2.36/pic/sources/c90/common/lwdiv.c estimated size: 60

/opt/microchip/xc8/v2.36/pic/sources/c90/common/awdiv.c
		___awdiv       		CODE           	0FA7	0000	89

/opt/microchip/xc8/v2.36/pic/sources/c90/common/awdiv.c estimated size: 89

/opt/microchip/xc8/v2.36/pic/sources/c90/common/Umul16.c
		___wmul        		CODE           	0DD7	0000	33

/opt/microchip/xc8/v2.36/pic/sources/c90/common/Umul16.c estimated size: 33

/opt/microchip/xc8/v2.36/pic/sources/c90/pic/__eewrite.c
		_eeprom_write  		CODE           	0D95	0000	33

/opt/microchip/xc8/v2.36/pic/sources/c90/pic/__eewrite.c estimated size: 33

/opt/microchip/xc8/v2.36/pic/sources/c90/common/Umul8.c
		___bmul        		CODE           	0D3C	0000	18

/opt/microchip/xc8/v2.36/pic/sources/c90/common/Umul8.c estimated size: 18

main.c
		_MOTOR_Init    		CODE           	075F	0000	147
		_eeprom_update 		CODE           	0D2B	0000	17
		_SPEED_calc    		CODE           	0DF8	0000	52
		_TIMER1_Init   		CODE           	0D1C	0000	15
		_myISR         		CODE           	0595	0000	458
		_main          		CODE           	0025	0000	933
		_print_cnt     		CODE           	03CA	0000	459
		_BAUDS_get     		CODE           	07FB	0000	4
		_UC_Init       		CODE           	0D64	0000	24
		_delay_wdt     		CODE           	0D7C	0000	25
		_BAUDS_set     		CODE           	07F2	0000	9
		_PRESET_load   		CODE           	0F50	0000	87
		_PRESET_save   		CODE           	0E98	0000	56

main.c estimated size: 2286

